Analysis & Synthesis report for CPU
Wed Jan 22 13:44:42 2025
Quartus Prime Version 20.1.0 Build 711 06/05/2020 SJ Lite Edition


---------------------
; Table of Contents ;
---------------------
  1. Legal Notice
  2. Analysis & Synthesis Summary
  3. Analysis & Synthesis Settings
  4. Parallel Compilation
  5. Analysis & Synthesis Source Files Read
  6. Analysis & Synthesis Resource Usage Summary
  7. Analysis & Synthesis Resource Utilization by Entity
  8. General Register Statistics
  9. Parameter Settings for Inferred Entity Instance: dig2dec:b2v_inst6|lpm_divide:Div0
 10. Parameter Settings for Inferred Entity Instance: dig2dec:b2v_inst6|lpm_divide:Div1
 11. Parameter Settings for Inferred Entity Instance: dig2dec:b2v_inst6|lpm_divide:Div2
 12. Port Connectivity Checks: "dig2dec:b2v_inst6"
 13. Post-Synthesis Netlist Statistics for Top Partition
 14. Elapsed Time Per Partition
 15. Analysis & Synthesis Messages



----------------
; Legal Notice ;
----------------
Copyright (C) 2020  Intel Corporation. All rights reserved.
Your use of Intel Corporation's design tools, logic functions 
and other software and tools, and any partner logic 
functions, and any output files from any of the foregoing 
(including device programming or simulation files), and any 
associated documentation or information are expressly subject 
to the terms and conditions of the Intel Program License 
Subscription Agreement, the Intel Quartus Prime License Agreement,
the Intel FPGA IP License Agreement, or other applicable license
agreement, including, without limitation, that your use is for
the sole purpose of programming logic devices manufactured by
Intel and sold by Intel or its authorized distributors.  Please
refer to the applicable agreement for further details, at
https://fpgasoftware.intel.com/eula.



+----------------------------------------------------------------------------------+
; Analysis & Synthesis Summary                                                     ;
+------------------------------------+---------------------------------------------+
; Analysis & Synthesis Status        ; Successful - Wed Jan 22 13:44:42 2025       ;
; Quartus Prime Version              ; 20.1.0 Build 711 06/05/2020 SJ Lite Edition ;
; Revision Name                      ; CPU                                         ;
; Top-level Entity Name              ; CPU                                         ;
; Family                             ; MAX 10                                      ;
; Total logic elements               ; 167                                         ;
;     Total combinational functions  ; 167                                         ;
;     Dedicated logic registers      ; 0                                           ;
; Total registers                    ; 0                                           ;
; Total pins                         ; 69                                          ;
; Total virtual pins                 ; 0                                           ;
; Total memory bits                  ; 0                                           ;
; Embedded Multiplier 9-bit elements ; 0                                           ;
; Total PLLs                         ; 0                                           ;
; UFM blocks                         ; 0                                           ;
; ADC blocks                         ; 0                                           ;
+------------------------------------+---------------------------------------------+


+------------------------------------------------------------------------------------------------------------+
; Analysis & Synthesis Settings                                                                              ;
+------------------------------------------------------------------+--------------------+--------------------+
; Option                                                           ; Setting            ; Default Value      ;
+------------------------------------------------------------------+--------------------+--------------------+
; Device                                                           ; 10M50DAF484C6GES   ;                    ;
; Top-level entity name                                            ; CPU                ; CPU                ;
; Family name                                                      ; MAX 10             ; Cyclone V          ;
; Restructure Multiplexers                                         ; Off                ; Auto               ;
; Use smart compilation                                            ; Off                ; Off                ;
; Enable parallel Assembler and Timing Analyzer during compilation ; On                 ; On                 ;
; Enable compact report table                                      ; Off                ; Off                ;
; Create Debugging Nodes for IP Cores                              ; Off                ; Off                ;
; Preserve fewer node names                                        ; On                 ; On                 ;
; Intel FPGA IP Evaluation Mode                                    ; Enable             ; Enable             ;
; Verilog Version                                                  ; Verilog_2001       ; Verilog_2001       ;
; VHDL Version                                                     ; VHDL_1993          ; VHDL_1993          ;
; State Machine Processing                                         ; Auto               ; Auto               ;
; Safe State Machine                                               ; Off                ; Off                ;
; Extract Verilog State Machines                                   ; On                 ; On                 ;
; Extract VHDL State Machines                                      ; On                 ; On                 ;
; Ignore Verilog initial constructs                                ; Off                ; Off                ;
; Iteration limit for constant Verilog loops                       ; 5000               ; 5000               ;
; Iteration limit for non-constant Verilog loops                   ; 250                ; 250                ;
; Add Pass-Through Logic to Inferred RAMs                          ; On                 ; On                 ;
; Infer RAMs from Raw Logic                                        ; On                 ; On                 ;
; Parallel Synthesis                                               ; On                 ; On                 ;
; DSP Block Balancing                                              ; Auto               ; Auto               ;
; NOT Gate Push-Back                                               ; On                 ; On                 ;
; Power-Up Don't Care                                              ; On                 ; On                 ;
; Remove Redundant Logic Cells                                     ; Off                ; Off                ;
; Remove Duplicate Registers                                       ; On                 ; On                 ;
; Ignore CARRY Buffers                                             ; Off                ; Off                ;
; Ignore CASCADE Buffers                                           ; Off                ; Off                ;
; Ignore GLOBAL Buffers                                            ; Off                ; Off                ;
; Ignore ROW GLOBAL Buffers                                        ; Off                ; Off                ;
; Ignore LCELL Buffers                                             ; Off                ; Off                ;
; Ignore SOFT Buffers                                              ; On                 ; On                 ;
; Limit AHDL Integers to 32 Bits                                   ; Off                ; Off                ;
; Optimization Technique                                           ; Balanced           ; Balanced           ;
; Carry Chain Length                                               ; 70                 ; 70                 ;
; Auto Carry Chains                                                ; On                 ; On                 ;
; Auto Open-Drain Pins                                             ; On                 ; On                 ;
; Perform WYSIWYG Primitive Resynthesis                            ; Off                ; Off                ;
; Auto ROM Replacement                                             ; On                 ; On                 ;
; Auto RAM Replacement                                             ; On                 ; On                 ;
; Auto DSP Block Replacement                                       ; On                 ; On                 ;
; Auto Shift Register Replacement                                  ; Auto               ; Auto               ;
; Allow Shift Register Merging across Hierarchies                  ; Auto               ; Auto               ;
; Auto Clock Enable Replacement                                    ; On                 ; On                 ;
; Strict RAM Replacement                                           ; Off                ; Off                ;
; Allow Synchronous Control Signals                                ; On                 ; On                 ;
; Force Use of Synchronous Clear Signals                           ; Off                ; Off                ;
; Auto RAM Block Balancing                                         ; On                 ; On                 ;
; Auto RAM to Logic Cell Conversion                                ; Off                ; Off                ;
; Auto Resource Sharing                                            ; Off                ; Off                ;
; Allow Any RAM Size For Recognition                               ; Off                ; Off                ;
; Allow Any ROM Size For Recognition                               ; Off                ; Off                ;
; Allow Any Shift Register Size For Recognition                    ; Off                ; Off                ;
; Use LogicLock Constraints during Resource Balancing              ; On                 ; On                 ;
; Ignore translate_off and synthesis_off directives                ; Off                ; Off                ;
; Timing-Driven Synthesis                                          ; On                 ; On                 ;
; Report Parameter Settings                                        ; On                 ; On                 ;
; Report Source Assignments                                        ; On                 ; On                 ;
; Report Connectivity Checks                                       ; On                 ; On                 ;
; Ignore Maximum Fan-Out Assignments                               ; Off                ; Off                ;
; Synchronization Register Chain Length                            ; 2                  ; 2                  ;
; Power Optimization During Synthesis                              ; Normal compilation ; Normal compilation ;
; HDL message level                                                ; Level2             ; Level2             ;
; Suppress Register Optimization Related Messages                  ; Off                ; Off                ;
; Number of Removed Registers Reported in Synthesis Report         ; 5000               ; 5000               ;
; Number of Swept Nodes Reported in Synthesis Report               ; 5000               ; 5000               ;
; Number of Inverted Registers Reported in Synthesis Report        ; 100                ; 100                ;
; Clock MUX Protection                                             ; On                 ; On                 ;
; Auto Gated Clock Conversion                                      ; Off                ; Off                ;
; Block Design Naming                                              ; Auto               ; Auto               ;
; SDC constraint protection                                        ; Off                ; Off                ;
; Synthesis Effort                                                 ; Auto               ; Auto               ;
; Shift Register Replacement - Allow Asynchronous Clear Signal     ; On                 ; On                 ;
; Pre-Mapping Resynthesis Optimization                             ; Off                ; Off                ;
; Analysis & Synthesis Message Level                               ; Medium             ; Medium             ;
; Disable Register Merging Across Hierarchies                      ; Auto               ; Auto               ;
; Resource Aware Inference For Block RAM                           ; On                 ; On                 ;
+------------------------------------------------------------------+--------------------+--------------------+


+------------------------------------------+
; Parallel Compilation                     ;
+----------------------------+-------------+
; Processors                 ; Number      ;
+----------------------------+-------------+
; Number detected on machine ; 16          ;
; Maximum allowed            ; 16          ;
;                            ;             ;
; Average used               ; 1.00        ;
; Maximum used               ; 1           ;
;                            ;             ;
; Usage by Processor         ; % Time Used ;
;     Processor 1            ; 100.0%      ;
+----------------------------+-------------+


+----------------------------------------------------------------------------------------------------------------------------------------------------------------------------------+
; Analysis & Synthesis Source Files Read                                                                                                                                           ;
+----------------------------------+-----------------+------------------------------+------------------------------------------------------------------------------------+---------+
; File Name with User-Entered Path ; Used in Netlist ; File Type                    ; File Name with Absolute Path                                                       ; Library ;
+----------------------------------+-----------------+------------------------------+------------------------------------------------------------------------------------+---------+
; dig2dec.vhd                      ; yes             ; User VHDL File               ; /home/enzo/Documents/risc-cpu/dig2dec.vhd                                          ;         ;
; CPU.vhd                          ; yes             ; User VHDL File               ; /home/enzo/Documents/risc-cpu/CPU.vhd                                              ;         ;
; seg7_lut.vhd                     ; yes             ; User VHDL File               ; /home/enzo/Documents/risc-cpu/seg7_lut.vhd                                         ;         ;
; lpm_divide.tdf                   ; yes             ; Megafunction                 ; /home/enzo/intelFPGA_lite/20.1/quartus/libraries/megafunctions/lpm_divide.tdf      ;         ;
; abs_divider.inc                  ; yes             ; Megafunction                 ; /home/enzo/intelFPGA_lite/20.1/quartus/libraries/megafunctions/abs_divider.inc     ;         ;
; sign_div_unsign.inc              ; yes             ; Megafunction                 ; /home/enzo/intelFPGA_lite/20.1/quartus/libraries/megafunctions/sign_div_unsign.inc ;         ;
; aglobal201.inc                   ; yes             ; Megafunction                 ; /home/enzo/intelFPGA_lite/20.1/quartus/libraries/megafunctions/aglobal201.inc      ;         ;
; db/lpm_divide_otl.tdf            ; yes             ; Auto-Generated Megafunction  ; /home/enzo/Documents/risc-cpu/db/lpm_divide_otl.tdf                                ;         ;
; db/sign_div_unsign_qlh.tdf       ; yes             ; Auto-Generated Megafunction  ; /home/enzo/Documents/risc-cpu/db/sign_div_unsign_qlh.tdf                           ;         ;
; db/alt_u_div_uhe.tdf             ; yes             ; Auto-Generated Megafunction  ; /home/enzo/Documents/risc-cpu/db/alt_u_div_uhe.tdf                                 ;         ;
; db/add_sub_t3c.tdf               ; yes             ; Auto-Generated Megafunction  ; /home/enzo/Documents/risc-cpu/db/add_sub_t3c.tdf                                   ;         ;
; db/add_sub_u3c.tdf               ; yes             ; Auto-Generated Megafunction  ; /home/enzo/Documents/risc-cpu/db/add_sub_u3c.tdf                                   ;         ;
; db/lpm_divide_ltl.tdf            ; yes             ; Auto-Generated Megafunction  ; /home/enzo/Documents/risc-cpu/db/lpm_divide_ltl.tdf                                ;         ;
; db/sign_div_unsign_nlh.tdf       ; yes             ; Auto-Generated Megafunction  ; /home/enzo/Documents/risc-cpu/db/sign_div_unsign_nlh.tdf                           ;         ;
; db/alt_u_div_ohe.tdf             ; yes             ; Auto-Generated Megafunction  ; /home/enzo/Documents/risc-cpu/db/alt_u_div_ohe.tdf                                 ;         ;
; db/lpm_divide_itl.tdf            ; yes             ; Auto-Generated Megafunction  ; /home/enzo/Documents/risc-cpu/db/lpm_divide_itl.tdf                                ;         ;
; db/sign_div_unsign_klh.tdf       ; yes             ; Auto-Generated Megafunction  ; /home/enzo/Documents/risc-cpu/db/sign_div_unsign_klh.tdf                           ;         ;
; db/alt_u_div_ihe.tdf             ; yes             ; Auto-Generated Megafunction  ; /home/enzo/Documents/risc-cpu/db/alt_u_div_ihe.tdf                                 ;         ;
+----------------------------------+-----------------+------------------------------+------------------------------------------------------------------------------------+---------+


+--------------------------------------------------------------------------------------------------------------------------------------------------------------------------------------------+
; Analysis & Synthesis Resource Usage Summary                                                                                                                                                ;
+---------------------------------------------+----------------------------------------------------------------------------------------------------------------------------------------------+
; Resource                                    ; Usage                                                                                                                                        ;
+---------------------------------------------+----------------------------------------------------------------------------------------------------------------------------------------------+
; Estimated Total logic elements              ; 167                                                                                                                                          ;
;                                             ;                                                                                                                                              ;
; Total combinational functions               ; 167                                                                                                                                          ;
; Logic element usage by number of LUT inputs ;                                                                                                                                              ;
;     -- 4 input functions                    ; 44                                                                                                                                           ;
;     -- 3 input functions                    ; 37                                                                                                                                           ;
;     -- <=2 input functions                  ; 86                                                                                                                                           ;
;                                             ;                                                                                                                                              ;
; Logic elements by mode                      ;                                                                                                                                              ;
;     -- normal mode                          ; 119                                                                                                                                          ;
;     -- arithmetic mode                      ; 48                                                                                                                                           ;
;                                             ;                                                                                                                                              ;
; Total registers                             ; 0                                                                                                                                            ;
;     -- Dedicated logic registers            ; 0                                                                                                                                            ;
;     -- I/O registers                        ; 0                                                                                                                                            ;
;                                             ;                                                                                                                                              ;
; I/O pins                                    ; 69                                                                                                                                           ;
;                                             ;                                                                                                                                              ;
; Embedded Multiplier 9-bit elements          ; 0                                                                                                                                            ;
;                                             ;                                                                                                                                              ;
; Maximum fan-out node                        ; dig2dec:b2v_inst6|lpm_divide:Div0|lpm_divide_otl:auto_generated|sign_div_unsign_qlh:divider|alt_u_div_uhe:divider|add_sub_13_result_int[5]~8 ;
; Maximum fan-out                             ; 16                                                                                                                                           ;
; Total fan-out                               ; 533                                                                                                                                          ;
; Average fan-out                             ; 1.75                                                                                                                                         ;
+---------------------------------------------+----------------------------------------------------------------------------------------------------------------------------------------------+


+--------------------------------------------------------------------------------------------------------------------------------------------------------------------------------------------------------------------------------------------------------------------------------------------------------------------------------------------------------------+
; Analysis & Synthesis Resource Utilization by Entity                                                                                                                                                                                                                                                                                                          ;
+-------------------------------------------+---------------------+---------------------------+-------------+------------+--------------+---------+-----------+------+--------------+------------+------------------------------------------------------------------------------------------------------------------------+---------------------+--------------+
; Compilation Hierarchy Node                ; Combinational ALUTs ; Dedicated Logic Registers ; Memory Bits ; UFM Blocks ; DSP Elements ; DSP 9x9 ; DSP 18x18 ; Pins ; Virtual Pins ; ADC blocks ; Full Hierarchy Name                                                                                                    ; Entity Name         ; Library Name ;
+-------------------------------------------+---------------------+---------------------------+-------------+------------+--------------+---------+-----------+------+--------------+------------+------------------------------------------------------------------------------------------------------------------------+---------------------+--------------+
; |CPU                                      ; 167 (0)             ; 0 (0)                     ; 0           ; 0          ; 0            ; 0       ; 0         ; 69   ; 0            ; 0          ; |CPU                                                                                                                   ; CPU                 ; work         ;
;    |dig2dec:b2v_inst6|                    ; 146 (12)            ; 0 (0)                     ; 0           ; 0          ; 0            ; 0       ; 0         ; 0    ; 0            ; 0          ; |CPU|dig2dec:b2v_inst6                                                                                                 ; dig2dec             ; work         ;
;       |lpm_divide:Div0|                   ; 82 (0)              ; 0 (0)                     ; 0           ; 0          ; 0            ; 0       ; 0         ; 0    ; 0            ; 0          ; |CPU|dig2dec:b2v_inst6|lpm_divide:Div0                                                                                 ; lpm_divide          ; work         ;
;          |lpm_divide_otl:auto_generated|  ; 82 (0)              ; 0 (0)                     ; 0           ; 0          ; 0            ; 0       ; 0         ; 0    ; 0            ; 0          ; |CPU|dig2dec:b2v_inst6|lpm_divide:Div0|lpm_divide_otl:auto_generated                                                   ; lpm_divide_otl      ; work         ;
;             |sign_div_unsign_qlh:divider| ; 82 (0)              ; 0 (0)                     ; 0           ; 0          ; 0            ; 0       ; 0         ; 0    ; 0            ; 0          ; |CPU|dig2dec:b2v_inst6|lpm_divide:Div0|lpm_divide_otl:auto_generated|sign_div_unsign_qlh:divider                       ; sign_div_unsign_qlh ; work         ;
;                |alt_u_div_uhe:divider|    ; 82 (82)             ; 0 (0)                     ; 0           ; 0          ; 0            ; 0       ; 0         ; 0    ; 0            ; 0          ; |CPU|dig2dec:b2v_inst6|lpm_divide:Div0|lpm_divide_otl:auto_generated|sign_div_unsign_qlh:divider|alt_u_div_uhe:divider ; alt_u_div_uhe       ; work         ;
;       |lpm_divide:Div1|                   ; 47 (0)              ; 0 (0)                     ; 0           ; 0          ; 0            ; 0       ; 0         ; 0    ; 0            ; 0          ; |CPU|dig2dec:b2v_inst6|lpm_divide:Div1                                                                                 ; lpm_divide          ; work         ;
;          |lpm_divide_ltl:auto_generated|  ; 47 (0)              ; 0 (0)                     ; 0           ; 0          ; 0            ; 0       ; 0         ; 0    ; 0            ; 0          ; |CPU|dig2dec:b2v_inst6|lpm_divide:Div1|lpm_divide_ltl:auto_generated                                                   ; lpm_divide_ltl      ; work         ;
;             |sign_div_unsign_nlh:divider| ; 47 (0)              ; 0 (0)                     ; 0           ; 0          ; 0            ; 0       ; 0         ; 0    ; 0            ; 0          ; |CPU|dig2dec:b2v_inst6|lpm_divide:Div1|lpm_divide_ltl:auto_generated|sign_div_unsign_nlh:divider                       ; sign_div_unsign_nlh ; work         ;
;                |alt_u_div_ohe:divider|    ; 47 (47)             ; 0 (0)                     ; 0           ; 0          ; 0            ; 0       ; 0         ; 0    ; 0            ; 0          ; |CPU|dig2dec:b2v_inst6|lpm_divide:Div1|lpm_divide_ltl:auto_generated|sign_div_unsign_nlh:divider|alt_u_div_ohe:divider ; alt_u_div_ohe       ; work         ;
;       |lpm_divide:Div2|                   ; 5 (0)               ; 0 (0)                     ; 0           ; 0          ; 0            ; 0       ; 0         ; 0    ; 0            ; 0          ; |CPU|dig2dec:b2v_inst6|lpm_divide:Div2                                                                                 ; lpm_divide          ; work         ;
;          |lpm_divide_itl:auto_generated|  ; 5 (0)               ; 0 (0)                     ; 0           ; 0          ; 0            ; 0       ; 0         ; 0    ; 0            ; 0          ; |CPU|dig2dec:b2v_inst6|lpm_divide:Div2|lpm_divide_itl:auto_generated                                                   ; lpm_divide_itl      ; work         ;
;             |sign_div_unsign_klh:divider| ; 5 (0)               ; 0 (0)                     ; 0           ; 0          ; 0            ; 0       ; 0         ; 0    ; 0            ; 0          ; |CPU|dig2dec:b2v_inst6|lpm_divide:Div2|lpm_divide_itl:auto_generated|sign_div_unsign_klh:divider                       ; sign_div_unsign_klh ; work         ;
;                |alt_u_div_ihe:divider|    ; 5 (5)               ; 0 (0)                     ; 0           ; 0          ; 0            ; 0       ; 0         ; 0    ; 0            ; 0          ; |CPU|dig2dec:b2v_inst6|lpm_divide:Div2|lpm_divide_itl:auto_generated|sign_div_unsign_klh:divider|alt_u_div_ihe:divider ; alt_u_div_ihe       ; work         ;
;    |seg7_lut:b2v_inst3|                   ; 7 (7)               ; 0 (0)                     ; 0           ; 0          ; 0            ; 0       ; 0         ; 0    ; 0            ; 0          ; |CPU|seg7_lut:b2v_inst3                                                                                                ; seg7_lut            ; work         ;
;    |seg7_lut:b2v_inst4|                   ; 7 (7)               ; 0 (0)                     ; 0           ; 0          ; 0            ; 0       ; 0         ; 0    ; 0            ; 0          ; |CPU|seg7_lut:b2v_inst4                                                                                                ; seg7_lut            ; work         ;
;    |seg7_lut:b2v_inst5|                   ; 7 (7)               ; 0 (0)                     ; 0           ; 0          ; 0            ; 0       ; 0         ; 0    ; 0            ; 0          ; |CPU|seg7_lut:b2v_inst5                                                                                                ; seg7_lut            ; work         ;
+-------------------------------------------+---------------------+---------------------------+-------------+------------+--------------+---------+-----------+------+--------------+------------+------------------------------------------------------------------------------------------------------------------------+---------------------+--------------+
Note: For table entries with two numbers listed, the numbers in parentheses indicate the number of resources of the given type used by the specific entity alone. The numbers listed outside of parentheses indicate the total resources of the given type used by the specific entity and all of its sub-entities in the hierarchy.


+------------------------------------------------------+
; General Register Statistics                          ;
+----------------------------------------------+-------+
; Statistic                                    ; Value ;
+----------------------------------------------+-------+
; Total registers                              ; 0     ;
; Number of registers using Synchronous Clear  ; 0     ;
; Number of registers using Synchronous Load   ; 0     ;
; Number of registers using Asynchronous Clear ; 0     ;
; Number of registers using Asynchronous Load  ; 0     ;
; Number of registers using Clock Enable       ; 0     ;
; Number of registers using Preset             ; 0     ;
+----------------------------------------------+-------+


+------------------------------------------------------------------------------------+
; Parameter Settings for Inferred Entity Instance: dig2dec:b2v_inst6|lpm_divide:Div0 ;
+------------------------+----------------+------------------------------------------+
; Parameter Name         ; Value          ; Type                                     ;
+------------------------+----------------+------------------------------------------+
; LPM_WIDTHN             ; 16             ; Untyped                                  ;
; LPM_WIDTHD             ; 4              ; Untyped                                  ;
; LPM_NREPRESENTATION    ; UNSIGNED       ; Untyped                                  ;
; LPM_DREPRESENTATION    ; UNSIGNED       ; Untyped                                  ;
; LPM_PIPELINE           ; 0              ; Untyped                                  ;
; LPM_REMAINDERPOSITIVE  ; TRUE           ; Untyped                                  ;
; MAXIMIZE_SPEED         ; 5              ; Untyped                                  ;
; CBXI_PARAMETER         ; lpm_divide_otl ; Untyped                                  ;
; CARRY_CHAIN            ; MANUAL         ; Untyped                                  ;
; OPTIMIZE_FOR_SPEED     ; 5              ; Untyped                                  ;
; AUTO_CARRY_CHAINS      ; ON             ; AUTO_CARRY                               ;
; IGNORE_CARRY_BUFFERS   ; OFF            ; IGNORE_CARRY                             ;
; AUTO_CASCADE_CHAINS    ; ON             ; AUTO_CASCADE                             ;
; IGNORE_CASCADE_BUFFERS ; OFF            ; IGNORE_CASCADE                           ;
+------------------------+----------------+------------------------------------------+
Note: In order to hide this table in the UI and the text report file, please set the "Show Parameter Settings in Synthesis Report" option in "Analysis and Synthesis Settings -> More Settings" to "Off".


+------------------------------------------------------------------------------------+
; Parameter Settings for Inferred Entity Instance: dig2dec:b2v_inst6|lpm_divide:Div1 ;
+------------------------+----------------+------------------------------------------+
; Parameter Name         ; Value          ; Type                                     ;
+------------------------+----------------+------------------------------------------+
; LPM_WIDTHN             ; 13             ; Untyped                                  ;
; LPM_WIDTHD             ; 4              ; Untyped                                  ;
; LPM_NREPRESENTATION    ; UNSIGNED       ; Untyped                                  ;
; LPM_DREPRESENTATION    ; UNSIGNED       ; Untyped                                  ;
; LPM_PIPELINE           ; 0              ; Untyped                                  ;
; LPM_REMAINDERPOSITIVE  ; TRUE           ; Untyped                                  ;
; MAXIMIZE_SPEED         ; 5              ; Untyped                                  ;
; CBXI_PARAMETER         ; lpm_divide_ltl ; Untyped                                  ;
; CARRY_CHAIN            ; MANUAL         ; Untyped                                  ;
; OPTIMIZE_FOR_SPEED     ; 5              ; Untyped                                  ;
; AUTO_CARRY_CHAINS      ; ON             ; AUTO_CARRY                               ;
; IGNORE_CARRY_BUFFERS   ; OFF            ; IGNORE_CARRY                             ;
; AUTO_CASCADE_CHAINS    ; ON             ; AUTO_CASCADE                             ;
; IGNORE_CASCADE_BUFFERS ; OFF            ; IGNORE_CASCADE                           ;
+------------------------+----------------+------------------------------------------+
Note: In order to hide this table in the UI and the text report file, please set the "Show Parameter Settings in Synthesis Report" option in "Analysis and Synthesis Settings -> More Settings" to "Off".


+------------------------------------------------------------------------------------+
; Parameter Settings for Inferred Entity Instance: dig2dec:b2v_inst6|lpm_divide:Div2 ;
+------------------------+----------------+------------------------------------------+
; Parameter Name         ; Value          ; Type                                     ;
+------------------------+----------------+------------------------------------------+
; LPM_WIDTHN             ; 10             ; Untyped                                  ;
; LPM_WIDTHD             ; 4              ; Untyped                                  ;
; LPM_NREPRESENTATION    ; UNSIGNED       ; Untyped                                  ;
; LPM_DREPRESENTATION    ; UNSIGNED       ; Untyped                                  ;
; LPM_PIPELINE           ; 0              ; Untyped                                  ;
; LPM_REMAINDERPOSITIVE  ; TRUE           ; Untyped                                  ;
; MAXIMIZE_SPEED         ; 5              ; Untyped                                  ;
; CBXI_PARAMETER         ; lpm_divide_itl ; Untyped                                  ;
; CARRY_CHAIN            ; MANUAL         ; Untyped                                  ;
; OPTIMIZE_FOR_SPEED     ; 5              ; Untyped                                  ;
; AUTO_CARRY_CHAINS      ; ON             ; AUTO_CARRY                               ;
; IGNORE_CARRY_BUFFERS   ; OFF            ; IGNORE_CARRY                             ;
; AUTO_CASCADE_CHAINS    ; ON             ; AUTO_CASCADE                             ;
; IGNORE_CASCADE_BUFFERS ; OFF            ; IGNORE_CASCADE                           ;
+------------------------+----------------+------------------------------------------+
Note: In order to hide this table in the UI and the text report file, please set the "Show Parameter Settings in Synthesis Report" option in "Analysis and Synthesis Settings -> More Settings" to "Off".


+-----------------------------------------------+
; Port Connectivity Checks: "dig2dec:b2v_inst6" ;
+-------------+-------+----------+--------------+
; Port        ; Type  ; Severity ; Details      ;
+-------------+-------+----------+--------------+
; vol[15..10] ; Input ; Info     ; Stuck at GND ;
+-------------+-------+----------+--------------+


+-----------------------------------------------------+
; Post-Synthesis Netlist Statistics for Top Partition ;
+-----------------------+-----------------------------+
; Type                  ; Count                       ;
+-----------------------+-----------------------------+
; boundary_port         ; 69                          ;
; cycloneiii_lcell_comb ; 173                         ;
;     arith             ; 48                          ;
;         1 data inputs ; 3                           ;
;         2 data inputs ; 9                           ;
;         3 data inputs ; 36                          ;
;     normal            ; 125                         ;
;         0 data inputs ; 14                          ;
;         1 data inputs ; 7                           ;
;         2 data inputs ; 59                          ;
;         3 data inputs ; 1                           ;
;         4 data inputs ; 44                          ;
;                       ;                             ;
; Max LUT depth         ; 20.80                       ;
; Average LUT depth     ; 19.63                       ;
+-----------------------+-----------------------------+


+-------------------------------+
; Elapsed Time Per Partition    ;
+----------------+--------------+
; Partition Name ; Elapsed Time ;
+----------------+--------------+
; Top            ; 00:00:01     ;
+----------------+--------------+


+-------------------------------+
; Analysis & Synthesis Messages ;
+-------------------------------+
Info: *******************************************************************
Info: Running Quartus Prime Analysis & Synthesis
    Info: Version 20.1.0 Build 711 06/05/2020 SJ Lite Edition
    Info: Processing started: Wed Jan 22 13:44:33 2025
Info: Command: quartus_map --read_settings_files=on --write_settings_files=off CPU -c CPU
Info (16303): Aggressive Performance optimization mode selected -- timing performance will be prioritized at the potential cost of increased logic area and compilation time
Warning (18236): Number of processors has not been specified which may cause overloading on shared machines.  Set the global assignment NUM_PARALLEL_PROCESSORS in your QSF to an appropriate value for best performance.
Info (20030): Parallel compilation is enabled and will use 16 of the 16 processors detected
Info (12021): Found 2 design units, including 1 entities, in source file dig2dec.vhd
    Info (12022): Found design unit 1: dig2dec-rtl File: /home/enzo/Documents/risc-cpu/dig2dec.vhd Line: 17
    Info (12023): Found entity 1: dig2dec File: /home/enzo/Documents/risc-cpu/dig2dec.vhd Line: 5
Info (12021): Found 2 design units, including 1 entities, in source file CPU.vhd
    Info (12022): Found design unit 1: CPU-bdf_type File: /home/enzo/Documents/risc-cpu/CPU.vhd Line: 42
    Info (12023): Found entity 1: CPU File: /home/enzo/Documents/risc-cpu/CPU.vhd Line: 24
Info (12021): Found 2 design units, including 1 entities, in source file seg7_lut.vhd
    Info (12022): Found design unit 1: seg7_lut-rtl File: /home/enzo/Documents/risc-cpu/seg7_lut.vhd Line: 16
    Info (12023): Found entity 1: seg7_lut File: /home/enzo/Documents/risc-cpu/seg7_lut.vhd Line: 6
Info (12021): Found 2 design units, including 1 entities, in source file rom.vhd
    Info (12022): Found design unit 1: rom-rom_a File: /home/enzo/Documents/risc-cpu/rom.vhd Line: 21
    Info (12023): Found entity 1: rom File: /home/enzo/Documents/risc-cpu/rom.vhd Line: 7
Info (12021): Found 2 design units, including 1 entities, in source file ram.vhd
    Info (12022): Found design unit 1: ram-ram_a File: /home/enzo/Documents/risc-cpu/ram.vhd Line: 22
    Info (12023): Found entity 1: ram File: /home/enzo/Documents/risc-cpu/ram.vhd Line: 7
Info (12021): Found 2 design units, including 1 entities, in source file reg.vhd
    Info (12022): Found design unit 1: reg-reg_a File: /home/enzo/Documents/risc-cpu/reg.vhd Line: 25
    Info (12023): Found entity 1: reg File: /home/enzo/Documents/risc-cpu/reg.vhd Line: 7
Info (12127): Elaborating entity "CPU" for the top level hierarchy
Warning (10873): Using initial value X (don't care) for net "HEX_out0[7]" at CPU.vhd(106) File: /home/enzo/Documents/risc-cpu/CPU.vhd Line: 106
Warning (10873): Using initial value X (don't care) for net "HEX_out1[7]" at CPU.vhd(107) File: /home/enzo/Documents/risc-cpu/CPU.vhd Line: 107
Warning (10873): Using initial value X (don't care) for net "HEX_out2[7]" at CPU.vhd(108) File: /home/enzo/Documents/risc-cpu/CPU.vhd Line: 108
Warning (10873): Using initial value X (don't care) for net "HEX_out3[7]" at CPU.vhd(109) File: /home/enzo/Documents/risc-cpu/CPU.vhd Line: 109
Warning (10873): Using initial value X (don't care) for net "HEX_out4[7]" at CPU.vhd(110) File: /home/enzo/Documents/risc-cpu/CPU.vhd Line: 110
Info (12128): Elaborating entity "seg7_lut" for hierarchy "seg7_lut:b2v_inst1" File: /home/enzo/Documents/risc-cpu/CPU.vhd Line: 123
Info (12128): Elaborating entity "dig2dec" for hierarchy "dig2dec:b2v_inst6" File: /home/enzo/Documents/risc-cpu/CPU.vhd Line: 143
Info (278001): Inferred 3 megafunctions from design logic
    Info (278004): Inferred divider/modulo megafunction ("lpm_divide") from the following logic: "dig2dec:b2v_inst6|Div0" File: /home/enzo/Documents/risc-cpu/dig2dec.vhd Line: 26
    Info (278004): Inferred divider/modulo megafunction ("lpm_divide") from the following logic: "dig2dec:b2v_inst6|Div1" File: /home/enzo/Documents/risc-cpu/dig2dec.vhd Line: 27
    Info (278004): Inferred divider/modulo megafunction ("lpm_divide") from the following logic: "dig2dec:b2v_inst6|Div2" File: /home/enzo/Documents/risc-cpu/dig2dec.vhd Line: 28
Info (12130): Elaborated megafunction instantiation "dig2dec:b2v_inst6|lpm_divide:Div0" File: /home/enzo/Documents/risc-cpu/dig2dec.vhd Line: 26
Info (12133): Instantiated megafunction "dig2dec:b2v_inst6|lpm_divide:Div0" with the following parameter: File: /home/enzo/Documents/risc-cpu/dig2dec.vhd Line: 26
    Info (12134): Parameter "LPM_WIDTHN" = "16"
    Info (12134): Parameter "LPM_WIDTHD" = "4"
    Info (12134): Parameter "LPM_NREPRESENTATION" = "UNSIGNED"
    Info (12134): Parameter "LPM_DREPRESENTATION" = "UNSIGNED"
Info (12021): Found 1 design units, including 1 entities, in source file db/lpm_divide_otl.tdf
    Info (12023): Found entity 1: lpm_divide_otl File: /home/enzo/Documents/risc-cpu/db/lpm_divide_otl.tdf Line: 25
Info (12021): Found 1 design units, including 1 entities, in source file db/sign_div_unsign_qlh.tdf
    Info (12023): Found entity 1: sign_div_unsign_qlh File: /home/enzo/Documents/risc-cpu/db/sign_div_unsign_qlh.tdf Line: 25
Info (12021): Found 1 design units, including 1 entities, in source file db/alt_u_div_uhe.tdf
    Info (12023): Found entity 1: alt_u_div_uhe File: /home/enzo/Documents/risc-cpu/db/alt_u_div_uhe.tdf Line: 27
Info (12021): Found 1 design units, including 1 entities, in source file db/add_sub_t3c.tdf
    Info (12023): Found entity 1: add_sub_t3c File: /home/enzo/Documents/risc-cpu/db/add_sub_t3c.tdf Line: 23
Info (12021): Found 1 design units, including 1 entities, in source file db/add_sub_u3c.tdf
    Info (12023): Found entity 1: add_sub_u3c File: /home/enzo/Documents/risc-cpu/db/add_sub_u3c.tdf Line: 23
Info (12130): Elaborated megafunction instantiation "dig2dec:b2v_inst6|lpm_divide:Div1" File: /home/enzo/Documents/risc-cpu/dig2dec.vhd Line: 27
Info (12133): Instantiated megafunction "dig2dec:b2v_inst6|lpm_divide:Div1" with the following parameter: File: /home/enzo/Documents/risc-cpu/dig2dec.vhd Line: 27
    Info (12134): Parameter "LPM_WIDTHN" = "13"
    Info (12134): Parameter "LPM_WIDTHD" = "4"
    Info (12134): Parameter "LPM_NREPRESENTATION" = "UNSIGNED"
    Info (12134): Parameter "LPM_DREPRESENTATION" = "UNSIGNED"
Info (12021): Found 1 design units, including 1 entities, in source file db/lpm_divide_ltl.tdf
    Info (12023): Found entity 1: lpm_divide_ltl File: /home/enzo/Documents/risc-cpu/db/lpm_divide_ltl.tdf Line: 25
Info (12021): Found 1 design units, including 1 entities, in source file db/sign_div_unsign_nlh.tdf
    Info (12023): Found entity 1: sign_div_unsign_nlh File: /home/enzo/Documents/risc-cpu/db/sign_div_unsign_nlh.tdf Line: 25
Info (12021): Found 1 design units, including 1 entities, in source file db/alt_u_div_ohe.tdf
    Info (12023): Found entity 1: alt_u_div_ohe File: /home/enzo/Documents/risc-cpu/db/alt_u_div_ohe.tdf Line: 27
Info (12130): Elaborated megafunction instantiation "dig2dec:b2v_inst6|lpm_divide:Div2" File: /home/enzo/Documents/risc-cpu/dig2dec.vhd Line: 28
Info (12133): Instantiated megafunction "dig2dec:b2v_inst6|lpm_divide:Div2" with the following parameter: File: /home/enzo/Documents/risc-cpu/dig2dec.vhd Line: 28
    Info (12134): Parameter "LPM_WIDTHN" = "10"
    Info (12134): Parameter "LPM_WIDTHD" = "4"
    Info (12134): Parameter "LPM_NREPRESENTATION" = "UNSIGNED"
    Info (12134): Parameter "LPM_DREPRESENTATION" = "UNSIGNED"
Info (12021): Found 1 design units, including 1 entities, in source file db/lpm_divide_itl.tdf
    Info (12023): Found entity 1: lpm_divide_itl File: /home/enzo/Documents/risc-cpu/db/lpm_divide_itl.tdf Line: 25
Info (12021): Found 1 design units, including 1 entities, in source file db/sign_div_unsign_klh.tdf
    Info (12023): Found entity 1: sign_div_unsign_klh File: /home/enzo/Documents/risc-cpu/db/sign_div_unsign_klh.tdf Line: 25
Info (12021): Found 1 design units, including 1 entities, in source file db/alt_u_div_ihe.tdf
    Info (12023): Found entity 1: alt_u_div_ihe File: /home/enzo/Documents/risc-cpu/db/alt_u_div_ihe.tdf Line: 27
Warning (13024): Output pins are stuck at VCC or GND
    Warning (13410): Pin "HEX0[7]" is stuck at GND File: /home/enzo/Documents/risc-cpu/CPU.vhd Line: 32
    Warning (13410): Pin "HEX1[7]" is stuck at GND File: /home/enzo/Documents/risc-cpu/CPU.vhd Line: 33
    Warning (13410): Pin "HEX2[7]" is stuck at GND File: /home/enzo/Documents/risc-cpu/CPU.vhd Line: 34
    Warning (13410): Pin "HEX3[1]" is stuck at GND File: /home/enzo/Documents/risc-cpu/CPU.vhd Line: 35
    Warning (13410): Pin "HEX3[2]" is stuck at GND File: /home/enzo/Documents/risc-cpu/CPU.vhd Line: 35
    Warning (13410): Pin "HEX3[6]" is stuck at VCC File: /home/enzo/Documents/risc-cpu/CPU.vhd Line: 35
    Warning (13410): Pin "HEX3[7]" is stuck at GND File: /home/enzo/Documents/risc-cpu/CPU.vhd Line: 35
    Warning (13410): Pin "HEX4[0]" is stuck at GND File: /home/enzo/Documents/risc-cpu/CPU.vhd Line: 36
    Warning (13410): Pin "HEX4[1]" is stuck at GND File: /home/enzo/Documents/risc-cpu/CPU.vhd Line: 36
    Warning (13410): Pin "HEX4[2]" is stuck at GND File: /home/enzo/Documents/risc-cpu/CPU.vhd Line: 36
    Warning (13410): Pin "HEX4[3]" is stuck at GND File: /home/enzo/Documents/risc-cpu/CPU.vhd Line: 36
    Warning (13410): Pin "HEX4[4]" is stuck at GND File: /home/enzo/Documents/risc-cpu/CPU.vhd Line: 36
    Warning (13410): Pin "HEX4[5]" is stuck at GND File: /home/enzo/Documents/risc-cpu/CPU.vhd Line: 36
    Warning (13410): Pin "HEX4[6]" is stuck at VCC File: /home/enzo/Documents/risc-cpu/CPU.vhd Line: 36
    Warning (13410): Pin "HEX4[7]" is stuck at GND File: /home/enzo/Documents/risc-cpu/CPU.vhd Line: 36
    Warning (13410): Pin "HEX5[0]" is stuck at GND File: /home/enzo/Documents/risc-cpu/CPU.vhd Line: 37
    Warning (13410): Pin "HEX5[1]" is stuck at GND File: /home/enzo/Documents/risc-cpu/CPU.vhd Line: 37
    Warning (13410): Pin "HEX5[2]" is stuck at GND File: /home/enzo/Documents/risc-cpu/CPU.vhd Line: 37
    Warning (13410): Pin "HEX5[3]" is stuck at GND File: /home/enzo/Documents/risc-cpu/CPU.vhd Line: 37
    Warning (13410): Pin "HEX5[4]" is stuck at GND File: /home/enzo/Documents/risc-cpu/CPU.vhd Line: 37
    Warning (13410): Pin "HEX5[5]" is stuck at GND File: /home/enzo/Documents/risc-cpu/CPU.vhd Line: 37
    Warning (13410): Pin "HEX5[6]" is stuck at VCC File: /home/enzo/Documents/risc-cpu/CPU.vhd Line: 37
    Warning (13410): Pin "HEX5[7]" is stuck at GND File: /home/enzo/Documents/risc-cpu/CPU.vhd Line: 37
Info (286030): Timing-Driven Synthesis is running
Info (17016): Found the following redundant logic cells in design
    Info (17048): Logic cell "dig2dec:b2v_inst6|lpm_divide:Div1|lpm_divide_ltl:auto_generated|sign_div_unsign_nlh:divider|alt_u_div_ohe:divider|add_sub_9_result_int[0]~10" File: /home/enzo/Documents/risc-cpu/db/alt_u_div_ohe.tdf Line: 87
    Info (17048): Logic cell "dig2dec:b2v_inst6|lpm_divide:Div1|lpm_divide_ltl:auto_generated|sign_div_unsign_nlh:divider|alt_u_div_ohe:divider|add_sub_10_result_int[0]~10" File: /home/enzo/Documents/risc-cpu/db/alt_u_div_ohe.tdf Line: 37
    Info (17048): Logic cell "dig2dec:b2v_inst6|lpm_divide:Div1|lpm_divide_ltl:auto_generated|sign_div_unsign_nlh:divider|alt_u_div_ohe:divider|add_sub_11_result_int[0]~10" File: /home/enzo/Documents/risc-cpu/db/alt_u_div_ohe.tdf Line: 42
Info (128000): Starting physical synthesis optimizations for speed
Info (332104): Reading SDC File: 'CPU.sdc'
Warning (332174): Ignored filter at CPU.sdc(9): ADC_CLK_10 could not be matched with a port File: /home/enzo/Documents/risc-cpu/CPU.sdc Line: 9
Warning (332049): Ignored create_clock at CPU.sdc(9): Argument <targets> is an empty collection File: /home/enzo/Documents/risc-cpu/CPU.sdc Line: 9
    Info (332050): create_clock -period "10.0 MHz" [get_ports ADC_CLK_10] File: /home/enzo/Documents/risc-cpu/CPU.sdc Line: 9
Warning (332174): Ignored filter at CPU.sdc(11): MAX10_CLK2_50 could not be matched with a port File: /home/enzo/Documents/risc-cpu/CPU.sdc Line: 11
Warning (332049): Ignored create_clock at CPU.sdc(11): Argument <targets> is an empty collection File: /home/enzo/Documents/risc-cpu/CPU.sdc Line: 11
    Info (332050): create_clock -period "50.0 MHz" [get_ports MAX10_CLK2_50] File: /home/enzo/Documents/risc-cpu/CPU.sdc Line: 11
Info (332151): Clock uncertainty is not calculated until you update the timing netlist.
Info (332154): The derive_clock_uncertainty command did not apply clock uncertainty to any clock-to-clock transfers.
Info (332129): Detected timing requirements -- optimizing circuit to achieve only the specified requirements
Info (332111): Found 1 clocks
    Info (332111):   Period   Clock Name
    Info (332111): ======== ============
    Info (332111):   20.000 MAX10_CLK1_50
Info (128002): Starting physical synthesis algorithm register retiming
Info (128003): Physical synthesis algorithm register retiming complete: estimated slack improvement of 0 ps
Info (128002): Starting physical synthesis algorithm combinational resynthesis using boolean division
Info (128003): Physical synthesis algorithm combinational resynthesis using boolean division complete: estimated slack improvement of 0 ps
Info (128001): Physical synthesis optimizations for speed complete: elapsed time is 00:00:00
Info (16010): Generating hard_block partition "hard_block:auto_generated_inst"
    Info (16011): Adding 0 node(s), including 0 DDIO, 0 PLL, 0 transceiver and 0 LCELL
Warning (21074): Design contains 1 input pin(s) that do not drive logic
    Warning (15610): No output dependent on input pin "MAX10_CLK1_50" File: /home/enzo/Documents/risc-cpu/CPU.vhd Line: 27
Info (21057): Implemented 236 device resources after synthesis - the final resource count might be different
    Info (21058): Implemented 11 input pins
    Info (21059): Implemented 58 output pins
    Info (21061): Implemented 167 logic cells
Info: Quartus Prime Analysis & Synthesis was successful. 0 errors, 36 warnings
    Info: Peak virtual memory: 547 megabytes
    Info: Processing ended: Wed Jan 22 13:44:42 2025
    Info: Elapsed time: 00:00:09
    Info: Total CPU time (on all processors): 00:00:23


